{"level":"info","time":"2026-10-06T08:37:41Z","message":"Thank you for trying Cloudflare Tunnel. Doing so, without a Cloudflare account, is a quick way to experiment and try it out. However, be aware that these account-less Tunnels have no uptime guarantee, are subject to the Cloudflare Online Services Terms of Use (https://www.cloudflare.com/website-terms/), and Cloudflare reserves the right to investigate your use of Tunnels for violations of such terms. If you intend to use Tunnels in production you should use a pre-created named tunnel by following: https://developers.cloudflare.com/cloudflare-one/connections/connect-apps"}
{"level":"info","time":"2026-10-06T08:37:41Z","message":"Requesting new quick Tunnel on trycloudflare.com..."}
{"level":"info","time":"2026-10-06T08:37:47Z","message":"+--------------------------------------------------------------------------------------------+"}
{"level":"info","time":"2026-10-06T08:37:47Z","message":"|  Your quick Tunnel has been created! Visit it at (it may take some time to be reachable):  |"}
{"level":"info","time":"2026-10-06T08:37:47Z","message":"|  https://keith-ryan-miniature-instructional.trycloudflare.com                              |"}
{"level":"info","time":"2026-10-06T08:37:47Z","message":"+--------------------------------------------------------------------------------------------+"}
{"level":"info","time":"2026-10-06T08:37:47Z","message":"Cannot determine default configuration path. No file [config.yml config.yaml] in [~/.cloudflared ~/.cloudflare-warp ~/cloudflare-warp]"}
{"level":"info","time":"2026-10-06T08:37:47Z","message":"Version 2026.10.0 (Checksum 86aee4017b26625cee8484c113558f48effa4cd47f7aa05fcf425604e5d2b23c)"}
{"level":"info","time":"2026-10-06T08:37:47Z","message":"GOOS: windows, GOVersion: go1.26.8, GoArch: amd64"}
{"level":"info","time":"2026-10-06T08:37:47Z","message":"Settings: map[ha-connections:1 logfile:C:\\Users\\rehan\\Downloads\\Programs\\Apex-Sovereign-Bot\\tunnel.log protocol:quic url:http://localhost:8000]"}
{"level":"info","time":"2026-10-06T08:37:47Z","message":"cloudflared will not automatically update on Windows systems."}
{"level":"info","time":"2026-10-06T08:37:48Z","message":"Generated Connector ID: 6b275ce8-216a-40ac-b70c-ec72cd21b921"}
{"level":"info","time":"2026-10-06T08:37:48Z","message":"Initial protocol quic"}
{"level":"info","time":"2026-10-06T08:37:48Z","message":"ICMP proxy will use 192.168.1.13 as source for IPv4"}
{"level":"info","time":"2026-10-06T08:37:48Z","message":"ICMP proxy will use ::1 in zone Loopback Pseudo-Interface 1 as source for IPv6"}
{"level":"info","time":"2026-10-06T08:37:48Z","message":"cloudflared does not support loading the system root certificate pool on Windows. Please use --origin-ca-pool <PATH> to specify the path to the certificate pool"}
{"level":"info","time":"2026-10-06T08:37:48Z","message":"ICMP proxy will use 192.168.1.13 as source for IPv4"}
{"level":"info","event":0,"ip":"198.41.200.73","connIndex":0,"time":"2026-10-06T08:37:48Z","message":"Tunnel connection curve preferences: [X25519MLKEM768 CurveID(65074) CurveP256]"}
{"level":"info","time":"2026-10-06T08:37:48Z","message":"ICMP proxy will use ::1 in zone Loopback Pseudo-Interface 1 as source for IPv6"}
{"level":"info","time":"2026-10-06T08:37:48Z","message":"Starting metrics server on 127.0.0.1:20241/metrics"}
{"level":"info","time":"2026-10-06T08:37:48Z","message":"+-------------------------------------------------------------------------------------+"}
{"level":"info","time":"2026-10-06T08:37:48Z","message":"|                               CONNECTIVITY PRE-CHECKS                               |"}
{"level":"info","time":"2026-10-06T08:37:48Z","message":"+-------------------------------------------------------------------------------------+"}
{"level":"info","time":"2026-10-06T08:37:48Z","message":"|  COMPONENT         TARGET                     STATUS  DETAILS                       |"}
{"level":"info","time":"2026-10-06T08:37:48Z","message":"|  DNS Resolution    region1.v2.argotunnel.com  PASS    DNS Resolved successfully     |"}
{"level":"info","time":"2026-10-06T08:37:48Z","message":"|  DNS Resolution    region2.v2.argotunnel.com  PASS    DNS Resolved successfully     |"}
{"level":"info","time":"2026-10-06T08:37:48Z","message":"|  UDP Connectivity  region1.v2.argotunnel.com  PASS    QUIC connection successful    |"}
{"level":"info","time":"2026-10-06T08:37:48Z","message":"|  UDP Connectivity  region2.v2.argotunnel.com  PASS    QUIC connection successful    |"}
{"level":"info","time":"2026-10-06T08:37:48Z","message":"|  TCP Connectivity  region1.v2.argotunnel.com  PASS    HTTP/2 connection successful  |"}
{"level":"info","time":"2026-10-06T08:37:48Z","message":"|  TCP Connectivity  region2.v2.argotunnel.com  PASS    HTTP/2 connection successful  |"}
{"level":"info","time":"2026-10-06T08:37:48Z","message":"|  Cloudflare API    api.cloudflare.com:443     PASS    API is reachable              |"}
{"level":"info","time":"2026-10-06T08:37:48Z","message":"|                                                                                     |"}
{"level":"info","time":"2026-10-06T08:37:48Z","message":"|  SUMMARY: Environment is healthy. cloudflared will use 'quic' as primary protocol.  |"}
{"level":"info","time":"2026-10-06T08:37:48Z","message":"+-------------------------------------------------------------------------------------+"}
{"level":"info","run_id":"df68c526-cffa-4120-8802-33751a9f3a76","component":"DNS Resolution","target":"region1.v2.argotunnel.com","status":"pass","details":"DNS Resolved successfully","time":"2026-10-06T08:37:48Z","message":"precheck"}
{"level":"info","run_id":"df68c526-cffa-4120-8802-33751a9f3a76","component":"DNS Resolution","target":"region2.v2.argotunnel.com","status":"pass","details":"DNS Resolved successfully","time":"2026-10-06T08:37:48Z","message":"precheck"}
{"level":"info","run_id":"df68c526-cffa-4120-8802-33751a9f3a76","component":"UDP Connectivity","target":"region1.v2.argotunnel.com","status":"pass","details":"QUIC connection successful","time":"2026-10-06T08:37:48Z","message":"precheck"}
{"level":"info","run_id":"df68c526-cffa-4120-8802-33751a9f3a76","component":"UDP Connectivity","target":"region2.v2.argotunnel.com","status":"pass","details":"QUIC connection successful","time":"2026-10-06T08:37:48Z","message":"precheck"}
{"level":"info","run_id":"df68c526-cffa-4120-8802-33751a9f3a76","component":"TCP Connectivity","target":"region1.v2.argotunnel.com","status":"pass","details":"HTTP/2 connection successful","time":"2026-10-06T08:37:48Z","message":"precheck"}
{"level":"info","run_id":"df68c526-cffa-4120-8802-33751a9f3a76","component":"TCP Connectivity","target":"region2.v2.argotunnel.com","status":"pass","details":"HTTP/2 connection successful","time":"2026-10-06T08:37:48Z","message":"precheck"}
{"level":"info","run_id":"df68c526-cffa-4120-8802-33751a9f3a76","component":"Cloudflare API","target":"api.cloudflare.com:443","status":"pass","details":"API is reachable","time":"2026-10-06T08:37:48Z","message":"precheck"}
{"level":"info","run_id":"df68c526-cffa-4120-8802-33751a9f3a76","hard_fail":false,"suggested_protocol":"quic","time":"2026-10-06T08:37:48Z","message":"precheck complete"}
